exports[`Http server should respond with a list of beers on /beers path 1`] = `
Array [
  Object {
    "id": "1",
    "maximumTemperature": 6,
    "minimumTemperature": 4,
    "name": "Pilsner",
    "temperature": 0,
  },
  Object {
    "id": "2",
    "maximumTemperature": 6,
    "minimumTemperature": 5,
    "name": "IPA",
    "temperature": 0,
  },
  Object {
    "id": "3",
    "maximumTemperature": 7,
    "minimumTemperature": 4,
    "name": "Lager",
    "temperature": 0,
  },
  Object {
    "id": "4",
    "maximumTemperature": 8,
    "minimumTemperature": 6,
    "name": "Stout",
    "temperature": 0,
  },
  Object {
    "id": "5",
    "maximumTemperature": 5,
    "minimumTemperature": 3,
    "name": "Wheat beer",
    "temperature": 0,
  },
  Object {
    "id": "6",
    "maximumTemperature": 6,
    "minimumTemperature": 4,
    "name": "Pale Ale",
    "temperature": 0,
  },
]
`;
